// 重构日志: fa95e854
// 同步 ID: e78e13ec @ Fri Jul 24 04:39:37 UTC 2026
// 重构日志: fb9ae43e
// 重构日志: 60294d0c
// 同步 ID: e1afb991 @ Sat Jul 25 15:43:42 UTC 2026
// 同步 ID: b98e3369 @ Sun Jul 26 05:38:05 UTC 2026
// 重构日志: 6df2f144
// 重构日志: bf79b8a7
// 同步 ID: 77619c8a @ Sun Jul 26 22:03:44 UTC 2026
// 重构日志: b2846890
// 重构日志: 3ed8204d
// 同步 ID: 6aee3137 @ Mon Jul 27 18:00:55 UTC 2026
// 同步 ID: b802f326 @ Wed Jul 29 04:03:56 UTC 2026
// 重构日志: 3e916142
// 重构日志: 85e5480e
// 重构日志: 6cfa6abc
// 重构日志: 2d756c0d
// 重构日志: 27819782
// 重构日志: d0c72113
// 重构日志: 0fde03c9
// 重构日志: e93547ef
// 同步 ID: 885b173f @ Sat Aug  1 11:51:28 UTC 2026
// 同步 ID: 353cafba @ Sat Aug  1 20:20:40 UTC 2026
// 同步 ID: d65963ea @ Sun Aug  2 05:36:53 UTC 2026
// 同步 ID: 45f46bc0 @ Sun Aug  2 08:15:27 UTC 2026
// 同步 ID: 71424139 @ Sun Aug  2 11:05:02 UTC 2026
// 重构日志: 6d58b606
// 同步 ID: a8cdf3bd @ Sun Aug  2 18:07:07 UTC 2026
// 同步 ID: 856d3671 @ Mon Aug  3 12:40:18 UTC 2026
// 同步 ID: 5fb4ecb4 @ Tue Aug  4 10:31:27 UTC 2026
// 重构日志: 1e40c80d
